[31m[Nest] 27608  - [39m09/05/2026 09:11:47 [31m  ERROR[39m [38;5;3m[ExceptionsHandler] [39mPrismaClientKnownRequestError: 
Invalid `this.prisma.housing.create()` invocation in
C:\Users\ewald\Desktop\LE LOCATAIRE\mon-backend\backend\src\housing\housing.service.ts:61:32

  58 async create(dto: CreateHousingDto) {
  59   this.ensureIsInGuyane(dto.city);
  60 
→ 61   return this.prisma.housing.create(
The table `public.Housing` does not exist in the current database.
    at In.handleRequestError [90m(C:\Users\ewald\Desktop\LE LOCATAIRE\mon-backend\backend\[39mnode_modules\[4m@prisma\client[24m\runtime\library.js:122:6877[90m)[39m
    at In.handleAndLogRequestError [90m(C:\Users\ewald\Desktop\LE LOCATAIRE\mon-backend\backend\[39mnode_modules\[4m@prisma\client[24m\runtime\library.js:122:6211[90m)[39m
    at In.request [90m(C:\Users\ewald\Desktop\LE LOCATAIRE\mon-backend\backend\[39mnode_modules\[4m@prisma\client[24m\runtime\library.js:122:5919[90m)[39m
    at async l [90m(C:\Users\ewald\Desktop\LE LOCATAIRE\mon-backend\backend\[39mnode_modules\[4m@prisma\client[24m\runtime\library.js:127:11167[90m)[39m
    at async [90mC:\Users\ewald\Desktop\LE LOCATAIRE\mon-backend\backend\[39mnode_modules\[4m@nestjs\core[24m\router\router-execution-context.js:46:28
    at async [90mC:\Users\ewald\Desktop\LE LOCATAIRE\mon-backend\backend\[39mnode_modules\[4m@nestjs\core[24m\router\router-proxy.js:9:17 {
  code: [32m'P2021'[39m,
  clientVersion: [32m'5.15.0'[39m,
  meta: {
    modelName: [32m'Housing'[39m,
    table: [32m'public.Housing'[39m
  }
}
[31m[Nest] 27608  - [39m09/05/2026 09:15:34 [31m  ERROR[39m [38;5;3m[ExceptionsHandler] [39mPrismaClientKnownRequestError: 
Invalid `this.prisma.housing.create()` invocation in
C:\Users\ewald\Desktop\LE LOCATAIRE\mon-backend\backend\src\housing\housing.service.ts:61:32

  58 async create(dto: CreateHousingDto) {
  59   this.ensureIsInGuyane(dto.city);
  60 
→ 61   return this.prisma.housing.create(
The table `public.Housing` does not exist in the current database.
    at In.handleRequestError [90m(C:\Users\ewald\Desktop\LE LOCATAIRE\mon-backend\backend\[39mnode_modules\[4m@prisma\client[24m\runtime\library.js:122:6877[90m)[39m
    at In.handleAndLogRequestError [90m(C:\Users\ewald\Desktop\LE LOCATAIRE\mon-backend\backend\[39mnode_modules\[4m@prisma\client[24m\runtime\library.js:122:6211[90m)[39m
    at In.request [90m(C:\Users\ewald\Desktop\LE LOCATAIRE\mon-backend\backend\[39mnode_modules\[4m@prisma\client[24m\runtime\library.js:122:5919[90m)[39m
    at async l [90m(C:\Users\ewald\Desktop\LE LOCATAIRE\mon-backend\backend\[39mnode_modules\[4m@prisma\client[24m\runtime\library.js:127:11167[90m)[39m
    at async [90mC:\Users\ewald\Desktop\LE LOCATAIRE\mon-backend\backend\[39mnode_modules\[4m@nestjs\core[24m\router\router-execution-context.js:46:28
    at async [90mC:\Users\ewald\Desktop\LE LOCATAIRE\mon-backend\backend\[39mnode_modules\[4m@nestjs\core[24m\router\router-proxy.js:9:17 {
  code: [32m'P2021'[39m,
  clientVersion: [32m'5.15.0'[39m,
  meta: {
    modelName: [32m'Housing'[39m,
    table: [32m'public.Housing'[39m
  }
}
^C